[2025-02-26T07:53:45.796+0000][207][info][gc,init] CardTable entry size: 512
[2025-02-26T07:53:45.797+0000][207][info][gc     ] Using G1
[2025-02-26T07:53:45.874+0000][207][info][gc,init] Version: 23+37-2369 (release)
[2025-02-26T07:53:45.874+0000][207][info][gc,init] CPUs: 16 total, 16 available
[2025-02-26T07:53:45.875+0000][207][info][gc,init] Memory: 15900M
[2025-02-26T07:53:45.875+0000][207][info][gc,init] Large Page Support: Disabled
[2025-02-26T07:53:45.875+0000][207][info][gc,init] NUMA Support: Disabled
[2025-02-26T07:53:45.875+0000][207][info][gc,init] Compressed Oops: Enabled (32-bit)
[2025-02-26T07:53:45.875+0000][207][info][gc,init] Heap Region Size: 4M
[2025-02-26T07:53:45.875+0000][207][info][gc,init] Heap Min Capacity: 1G
[2025-02-26T07:53:45.876+0000][207][info][gc,init] Heap Initial Capacity: 1G
[2025-02-26T07:53:45.876+0000][207][info][gc,init] Heap Max Capacity: 1G
[2025-02-26T07:53:45.876+0000][207][info][gc,init] Pre-touch: Enabled
[2025-02-26T07:53:45.876+0000][207][info][gc,init] Parallel Workers: 13
[2025-02-26T07:53:45.876+0000][207][info][gc,init] Concurrent Workers: 3
[2025-02-26T07:53:45.877+0000][207][info][gc,init] Concurrent Refinement Workers: 13
[2025-02-26T07:53:45.877+0000][207][info][gc,init] Periodic GC: Disabled
[2025-02-26T07:53:45.886+0000][207][info][gc,metaspace] CDS archive(s) mapped at: [0x00007faa36000000-0x00007faa36d8e000-0x00007faa36d8e000), size 14213120, SharedBaseAddress: 0x00007faa36000000, ArchiveRelocationMode: 1.
[2025-02-26T07:53:45.886+0000][207][info][gc,metaspace] Compressed class space mapped at: 0x00007faa37000000-0x00007faa77000000, reserved size: 1073741824
[2025-02-26T07:53:45.886+0000][207][info][gc,metaspace] Narrow klass base: 0x00007faa36000000, Narrow klass shift: 0, Narrow klass range: 0x100000000
[2025-02-26T07:53:46.712+0000][207][info][gc,start    ] GC(0) Pause Young (Normal) (G1 Evacuation Pause)
[2025-02-26T07:53:46.712+0000][207][info][gc,task     ] GC(0) Using 13 workers of 13 for evacuation
[2025-02-26T07:53:46.713+0000][207][debug][gc,age      ] GC(0) Desired survivor size 4194304 bytes, new threshold 15 (max threshold 15)
[2025-02-26T07:53:46.715+0000][207][info ][gc,phases   ] GC(0)   Pre Evacuate Collection Set: 0.19ms
[2025-02-26T07:53:46.715+0000][207][info ][gc,phases   ] GC(0)   Merge Heap Roots: 0.16ms
[2025-02-26T07:53:46.716+0000][207][info ][gc,phases   ] GC(0)   Evacuate Collection Set: 1.56ms
[2025-02-26T07:53:46.716+0000][207][info ][gc,phases   ] GC(0)   Post Evacuate Collection Set: 0.50ms
[2025-02-26T07:53:46.716+0000][207][info ][gc,phases   ] GC(0)   Other: 0.31ms
[2025-02-26T07:53:46.716+0000][207][trace][gc,age      ] GC(0) Age table:
[2025-02-26T07:53:46.716+0000][207][trace][gc,age      ] GC(0) - age   1:    4361304 bytes,    4361304 total
[2025-02-26T07:53:46.716+0000][207][info ][gc,heap     ] GC(0) Eden regions: 12->0(10)
[2025-02-26T07:53:46.716+0000][207][info ][gc,heap     ] GC(0) Survivor regions: 0->2(2)
[2025-02-26T07:53:46.716+0000][207][info ][gc,heap     ] GC(0) Old regions: 1->1
[2025-02-26T07:53:46.717+0000][207][info ][gc,heap     ] GC(0) Humongous regions: 0->0
[2025-02-26T07:53:46.717+0000][207][info ][gc,metaspace] GC(0) Metaspace: 6494K(6784K)->6494K(6784K) NonClass: 5753K(5888K)->5753K(5888K) Class: 741K(896K)->741K(896K)
[2025-02-26T07:53:46.717+0000][207][info ][gc          ] GC(0) Pause Young (Normal) (G1 Evacuation Pause) 49M->5M(1024M) 4.705ms
[2025-02-26T07:53:46.717+0000][207][info ][gc,cpu      ] GC(0) User=0.01s Sys=0.01s Real=0.00s
[2025-02-26T07:53:46.717+0000][207][info ][safepoint   ] Safepoint "G1CollectForAllocation", Time since last: 821972009 ns, Reaching safepoint: 2953 ns, At safepoint: 4956340 ns, Total: 4959293 ns
[2025-02-26T07:53:47.292+0000][207][info ][gc,start    ] GC(1) Pause Young (Normal) (G1 Evacuation Pause)
[2025-02-26T07:53:47.293+0000][207][info ][gc,task     ] GC(1) Using 13 workers of 13 for evacuation
[2025-02-26T07:53:47.293+0000][207][debug][gc,age      ] GC(1) Desired survivor size 4194304 bytes, new threshold 1 (max threshold 15)
[2025-02-26T07:53:47.298+0000][207][info ][gc,phases   ] GC(1)   Pre Evacuate Collection Set: 0.33ms
[2025-02-26T07:53:47.299+0000][207][info ][gc,phases   ] GC(1)   Merge Heap Roots: 0.22ms
[2025-02-26T07:53:47.299+0000][207][info ][gc,phases   ] GC(1)   Evacuate Collection Set: 4.03ms
[2025-02-26T07:53:47.299+0000][207][info ][gc,phases   ] GC(1)   Post Evacuate Collection Set: 0.74ms
[2025-02-26T07:53:47.299+0000][207][info ][gc,phases   ] GC(1)   Other: 0.37ms
[2025-02-26T07:53:47.299+0000][207][trace][gc,age      ] GC(1) Age table:
[2025-02-26T07:53:47.299+0000][207][trace][gc,age      ] GC(1) - age   1:    5920344 bytes,    5920344 total
[2025-02-26T07:53:47.300+0000][207][info ][gc,heap     ] GC(1) Eden regions: 10->0(13)
[2025-02-26T07:53:47.300+0000][207][info ][gc,heap     ] GC(1) Survivor regions: 2->2(2)
[2025-02-26T07:53:47.300+0000][207][info ][gc,heap     ] GC(1) Old regions: 1->3
[2025-02-26T07:53:47.300+0000][207][info ][gc,heap     ] GC(1) Humongous regions: 0->0
[2025-02-26T07:53:47.300+0000][207][info ][gc,metaspace] GC(1) Metaspace: 10545K(10816K)->10545K(10816K) NonClass: 9314K(9472K)->9314K(9472K) Class: 1230K(1344K)->1230K(1344K)
[2025-02-26T07:53:47.300+0000][207][info ][gc          ] GC(1) Pause Young (Normal) (G1 Evacuation Pause) 45M->11M(1024M) 7.850ms
[2025-02-26T07:53:47.300+0000][207][info ][gc,cpu      ] GC(1) User=0.04s Sys=0.00s Real=0.01s
[2025-02-26T07:53:47.301+0000][207][info ][safepoint   ] Safepoint "G1CollectForAllocation", Time since last: 575236907 ns, Reaching safepoint: 4401 ns, At safepoint: 8206225 ns, Total: 8210626 ns
[2025-02-26T07:53:48.164+0000][207][info ][gc,start    ] GC(2) Pause Young (Normal) (G1 Evacuation Pause)
[2025-02-26T07:53:48.164+0000][207][info ][gc,task     ] GC(2) Using 13 workers of 13 for evacuation
[2025-02-26T07:53:48.164+0000][207][debug][gc,age      ] GC(2) Desired survivor size 4194304 bytes, new threshold 1 (max threshold 15)
[2025-02-26T07:53:48.169+0000][207][info ][gc,phases   ] GC(2)   Pre Evacuate Collection Set: 0.20ms
[2025-02-26T07:53:48.169+0000][207][info ][gc,phases   ] GC(2)   Merge Heap Roots: 0.14ms
[2025-02-26T07:53:48.169+0000][207][info ][gc,phases   ] GC(2)   Evacuate Collection Set: 3.44ms
[2025-02-26T07:53:48.169+0000][207][info ][gc,phases   ] GC(2)   Post Evacuate Collection Set: 0.89ms
[2025-02-26T07:53:48.170+0000][207][info ][gc,phases   ] GC(2)   Other: 0.45ms
[2025-02-26T07:53:48.170+0000][207][trace][gc,age      ] GC(2) Age table:
[2025-02-26T07:53:48.170+0000][207][trace][gc,age      ] GC(2) - age   1:    2547288 bytes,    2547288 total
[2025-02-26T07:53:48.170+0000][207][info ][gc,heap     ] GC(2) Eden regions: 13->0(20)
[2025-02-26T07:53:48.170+0000][207][info ][gc,heap     ] GC(2) Survivor regions: 2->1(2)
[2025-02-26T07:53:48.170+0000][207][info ][gc,heap     ] GC(2) Old regions: 3->4
[2025-02-26T07:53:48.170+0000][207][info ][gc,heap     ] GC(2) Humongous regions: 0->0
[2025-02-26T07:53:48.171+0000][207][info ][gc,metaspace] GC(2) Metaspace: 18286K(19072K)->18286K(19072K) NonClass: 16242K(16704K)->16242K(16704K) Class: 2043K(2368K)->2043K(2368K)
[2025-02-26T07:53:48.171+0000][207][info ][gc          ] GC(2) Pause Young (Normal) (G1 Evacuation Pause) 63M->14M(1024M) 7.224ms
[2025-02-26T07:53:48.171+0000][207][info ][gc,cpu      ] GC(2) User=0.03s Sys=0.00s Real=0.01s
[2025-02-26T07:53:48.171+0000][207][info ][safepoint   ] Safepoint "G1CollectForAllocation", Time since last: 862924924 ns, Reaching safepoint: 4837 ns, At safepoint: 7650852 ns, Total: 7655689 ns
[2025-02-26T07:53:48.505+0000][207][info ][gc,start    ] GC(3) Pause Young (Concurrent Start) (Metadata GC Threshold)
[2025-02-26T07:53:48.505+0000][207][info ][gc,task     ] GC(3) Using 13 workers of 13 for evacuation
[2025-02-26T07:53:48.506+0000][207][debug][gc,age      ] GC(3) Desired survivor size 6291456 bytes, new threshold 15 (max threshold 15)
[2025-02-26T07:53:48.511+0000][207][info ][gc,phases   ] GC(3)   Pre Evacuate Collection Set: 0.37ms
[2025-02-26T07:53:48.511+0000][207][info ][gc,phases   ] GC(3)   Merge Heap Roots: 0.25ms
[2025-02-26T07:53:48.511+0000][207][info ][gc,phases   ] GC(3)   Evacuate Collection Set: 1.90ms
[2025-02-26T07:53:48.511+0000][207][info ][gc,phases   ] GC(3)   Post Evacuate Collection Set: 2.26ms
[2025-02-26T07:53:48.511+0000][207][info ][gc,phases   ] GC(3)   Other: 0.56ms
[2025-02-26T07:53:48.512+0000][207][trace][gc,age      ] GC(3) Age table:
[2025-02-26T07:53:48.512+0000][207][trace][gc,age      ] GC(3) - age   1:    1541304 bytes,    1541304 total
[2025-02-26T07:53:48.512+0000][207][trace][gc,age      ] GC(3) - age   2:    2423944 bytes,    3965248 total
[2025-02-26T07:53:48.512+0000][207][info ][gc,heap     ] GC(3) Eden regions: 10->0(33)
[2025-02-26T07:53:48.512+0000][207][info ][gc,heap     ] GC(3) Survivor regions: 1->2(3)
[2025-02-26T07:53:48.512+0000][207][info ][gc,heap     ] GC(3) Old regions: 4->4
[2025-02-26T07:53:48.513+0000][207][info ][gc,heap     ] GC(3) Humongous regions: 0->0
[2025-02-26T07:53:48.513+0000][207][info ][gc,metaspace] GC(3) Metaspace: 20666K(21504K)->20666K(21504K) NonClass: 18349K(18816K)->18349K(18816K) Class: 2316K(2688K)->2316K(2688K)
[2025-02-26T07:53:48.513+0000][207][info ][gc          ] GC(3) Pause Young (Concurrent Start) (Metadata GC Threshold) 52M->15M(1024M) 7.936ms
[2025-02-26T07:53:48.513+0000][207][info ][gc          ] GC(4) Concurrent Mark Cycle
[2025-02-26T07:53:48.513+0000][207][info ][gc,cpu      ] GC(3) User=0.04s Sys=0.01s Real=0.01s
[2025-02-26T07:53:48.513+0000][207][info ][gc,marking  ] GC(4) Concurrent Scan Root Regions
[2025-02-26T07:53:48.514+0000][207][info ][safepoint   ] Safepoint "CollectForMetadataAllocation", Time since last: 333772891 ns, Reaching safepoint: 5365 ns, At safepoint: 8723631 ns, Total: 8728996 ns
[2025-02-26T07:53:48.517+0000][207][info ][gc,marking  ] GC(4) Concurrent Scan Root Regions 3.817ms
[2025-02-26T07:53:48.517+0000][207][info ][gc,marking  ] GC(4) Concurrent Mark
[2025-02-26T07:53:48.518+0000][207][info ][gc,marking  ] GC(4) Concurrent Mark From Roots
[2025-02-26T07:53:48.518+0000][207][info ][gc,task     ] GC(4) Using 3 workers of 3 for marking
[2025-02-26T07:53:48.524+0000][207][info ][gc,marking  ] GC(4) Concurrent Mark From Roots 6.446ms
[2025-02-26T07:53:48.525+0000][207][info ][gc,marking  ] GC(4) Concurrent Preclean
[2025-02-26T07:53:48.525+0000][207][info ][gc,marking  ] GC(4) Concurrent Preclean 0.257ms
[2025-02-26T07:53:48.525+0000][207][info ][gc,start    ] GC(4) Pause Remark
[2025-02-26T07:53:48.529+0000][207][info ][gc          ] GC(4) Pause Remark 17M->17M(1024M) 4.215ms
[2025-02-26T07:53:48.530+0000][207][info ][gc,cpu      ] GC(4) User=0.02s Sys=0.00s Real=0.00s
[2025-02-26T07:53:48.530+0000][207][info ][safepoint   ] Safepoint "G1PauseRemark", Time since last: 11310596 ns, Reaching safepoint: 95940 ns, At safepoint: 4789033 ns, Total: 4884973 ns
[2025-02-26T07:53:48.530+0000][207][info ][gc,marking  ] GC(4) Concurrent Mark 12.710ms
[2025-02-26T07:53:48.531+0000][207][info ][gc,marking  ] GC(4) Concurrent Rebuild Remembered Sets and Scrub Regions
[2025-02-26T07:53:48.534+0000][207][info ][gc,marking  ] GC(4) Concurrent Rebuild Remembered Sets and Scrub Regions 2.793ms
[2025-02-26T07:53:48.535+0000][207][info ][gc,start    ] GC(4) Pause Cleanup
[2025-02-26T07:53:48.535+0000][207][info ][gc          ] GC(4) Pause Cleanup 17M->17M(1024M) 0.206ms
[2025-02-26T07:53:48.535+0000][207][info ][gc,cpu      ] GC(4) User=0.00s Sys=0.00s Real=0.00s
[2025-02-26T07:53:48.535+0000][207][info ][safepoint   ] Safepoint "G1PauseCleanup", Time since last: 4591674 ns, Reaching safepoint: 92419 ns, At safepoint: 599821 ns, Total: 692240 ns
[2025-02-26T07:53:48.535+0000][207][info ][gc,marking  ] GC(4) Concurrent Clear Claimed Marks
[2025-02-26T07:53:48.536+0000][207][info ][gc,marking  ] GC(4) Concurrent Clear Claimed Marks 0.318ms
[2025-02-26T07:53:48.536+0000][207][info ][gc,marking  ] GC(4) Concurrent Cleanup for Next Mark
[2025-02-26T07:53:48.537+0000][207][info ][gc,marking  ] GC(4) Concurrent Cleanup for Next Mark 0.948ms
[2025-02-26T07:53:48.537+0000][207][info ][gc          ] GC(4) Concurrent Mark Cycle 23.932ms
[2025-02-26T07:53:49.047+0000][207][info ][gc,start    ] GC(5) Pause Young (Prepare Mixed) (G1 Evacuation Pause)
[2025-02-26T07:53:49.048+0000][207][info ][gc,task     ] GC(5) Using 13 workers of 13 for evacuation
[2025-02-26T07:53:49.048+0000][207][debug][gc,age      ] GC(5) Desired survivor size 10485760 bytes, new threshold 15 (max threshold 15)
[2025-02-26T07:53:49.050+0000][207][info ][gc,phases   ] GC(5)   Pre Evacuate Collection Set: 0.17ms
[2025-02-26T07:53:49.051+0000][207][info ][gc,phases   ] GC(5)   Merge Heap Roots: 0.12ms
[2025-02-26T07:53:49.051+0000][207][info ][gc,phases   ] GC(5)   Evacuate Collection Set: 1.50ms
[2025-02-26T07:53:49.051+0000][207][info ][gc,phases   ] GC(5)   Post Evacuate Collection Set: 0.64ms
[2025-02-26T07:53:49.051+0000][207][info ][gc,phases   ] GC(5)   Other: 0.29ms
[2025-02-26T07:53:49.051+0000][207][trace][gc,age      ] GC(5) Age table:
[2025-02-26T07:53:49.051+0000][207][trace][gc,age      ] GC(5) - age   1:    1353880 bytes,    1353880 total
[2025-02-26T07:53:49.051+0000][207][trace][gc,age      ] GC(5) - age   2:     718928 bytes,    2072808 total
[2025-02-26T07:53:49.051+0000][207][trace][gc,age      ] GC(5) - age   3:    2401800 bytes,    4474608 total
[2025-02-26T07:53:49.052+0000][207][info ][gc,heap     ] GC(5) Eden regions: 33->0(31)
[2025-02-26T07:53:49.052+0000][207][info ][gc,heap     ] GC(5) Survivor regions: 2->2(5)
[2025-02-26T07:53:49.052+0000][207][info ][gc,heap     ] GC(5) Old regions: 4->4
[2025-02-26T07:53:49.052+0000][207][info ][gc,heap     ] GC(5) Humongous regions: 0->0
[2025-02-26T07:53:49.052+0000][207][info ][gc,metaspace] GC(5) Metaspace: 23334K(24192K)->23334K(24192K) NonClass: 20694K(21184K)->20694K(21184K) Class: 2640K(3008K)->2640K(3008K)
[2025-02-26T07:53:49.052+0000][207][info ][gc          ] GC(5) Pause Young (Prepare Mixed) (G1 Evacuation Pause) 147M->15M(1024M) 4.906ms
[2025-02-26T07:53:49.053+0000][207][info ][gc,cpu      ] GC(5) User=0.00s Sys=0.01s Real=0.01s
[2025-02-26T07:53:49.053+0000][207][info ][safepoint   ] Safepoint "G1CollectForAllocation", Time since last: 512233138 ns, Reaching safepoint: 88262 ns, At safepoint: 5214337 ns, Total: 5302599 ns
[2025-02-26T07:53:49.568+0000][207][info ][gc,start    ] GC(6) Pause Young (Mixed) (G1 Evacuation Pause)
[2025-02-26T07:53:49.569+0000][207][info ][gc,task     ] GC(6) Using 13 workers of 13 for evacuation
[2025-02-26T07:53:49.569+0000][207][debug][gc,age      ] GC(6) Desired survivor size 10485760 bytes, new threshold 15 (max threshold 15)
[2025-02-26T07:53:49.574+0000][207][info ][gc,phases   ] GC(6)   Pre Evacuate Collection Set: 0.27ms
[2025-02-26T07:53:49.575+0000][207][info ][gc,phases   ] GC(6)   Merge Heap Roots: 0.18ms
[2025-02-26T07:53:49.575+0000][207][info ][gc,phases   ] GC(6)   Evacuate Collection Set: 4.00ms
[2025-02-26T07:53:49.575+0000][207][info ][gc,phases   ] GC(6)   Post Evacuate Collection Set: 0.97ms
[2025-02-26T07:53:49.575+0000][207][info ][gc,phases   ] GC(6)   Other: 0.38ms
[2025-02-26T07:53:49.575+0000][207][trace][gc,age      ] GC(6) Age table:
[2025-02-26T07:53:49.576+0000][207][trace][gc,age      ] GC(6) - age   1:    4369376 bytes,    4369376 total
[2025-02-26T07:53:49.576+0000][207][trace][gc,age      ] GC(6) - age   2:    1326728 bytes,    5696104 total
[2025-02-26T07:53:49.576+0000][207][trace][gc,age      ] GC(6) - age   3:     710224 bytes,    6406328 total
[2025-02-26T07:53:49.576+0000][207][trace][gc,age      ] GC(6) - age   4:    2401320 bytes,    8807648 total
[2025-02-26T07:53:49.576+0000][207][info ][gc,heap     ] GC(6) Eden regions: 31->0(39)
[2025-02-26T07:53:49.576+0000][207][info ][gc,heap     ] GC(6) Survivor regions: 2->3(5)
[2025-02-26T07:53:49.576+0000][207][info ][gc,heap     ] GC(6) Old regions: 4->3
[2025-02-26T07:53:49.577+0000][207][info ][gc,heap     ] GC(6) Humongous regions: 0->0
[2025-02-26T07:53:49.577+0000][207][info ][gc,metaspace] GC(6) Metaspace: 29092K(29952K)->29092K(29952K) NonClass: 25831K(26304K)->25831K(26304K) Class: 3261K(3648K)->3261K(3648K)
[2025-02-26T07:53:49.577+0000][207][info ][gc          ] GC(6) Pause Young (Mixed) (G1 Evacuation Pause) 139M->20M(1024M) 8.640ms
[2025-02-26T07:53:49.577+0000][207][info ][gc,cpu      ] GC(6) User=0.06s Sys=0.00s Real=0.01s
[2025-02-26T07:53:49.577+0000][207][info ][safepoint   ] Safepoint "G1CollectForAllocation", Time since last: 515573630 ns, Reaching safepoint: 104172 ns, At safepoint: 9123809 ns, Total: 9227981 ns
[2025-02-26T07:53:49.833+0000][207][info ][gc,start    ] GC(7) Pause Young (Normal) (G1 Evacuation Pause)
[2025-02-26T07:53:49.833+0000][207][info ][gc,task     ] GC(7) Using 13 workers of 13 for evacuation
[2025-02-26T07:53:49.833+0000][207][debug][gc,age      ] GC(7) Desired survivor size 12582912 bytes, new threshold 15 (max threshold 15)
[2025-02-26T07:53:49.839+0000][207][info ][gc,phases   ] GC(7)   Pre Evacuate Collection Set: 0.33ms
[2025-02-26T07:53:49.839+0000][207][info ][gc,phases   ] GC(7)   Merge Heap Roots: 0.22ms
[2025-02-26T07:53:49.839+0000][207][info ][gc,phases   ] GC(7)   Evacuate Collection Set: 2.89ms
[2025-02-26T07:53:49.839+0000][207][info ][gc,phases   ] GC(7)   Post Evacuate Collection Set: 1.15ms
[2025-02-26T07:53:49.839+0000][207][info ][gc,phases   ] GC(7)   Other: 1.04ms
[2025-02-26T07:53:49.839+0000][207][trace][gc,age      ] GC(7) Age table:
[2025-02-26T07:53:49.840+0000][207][trace][gc,age      ] GC(7) - age   1:    2761448 bytes,    2761448 total
[2025-02-26T07:53:49.840+0000][207][trace][gc,age      ] GC(7) - age   2:    3598088 bytes,    6359536 total
[2025-02-26T07:53:49.840+0000][207][trace][gc,age      ] GC(7) - age   3:    1326520 bytes,    7686056 total
[2025-02-26T07:53:49.840+0000][207][trace][gc,age      ] GC(7) - age   4:     708256 bytes,    8394312 total
[2025-02-26T07:53:49.840+0000][207][trace][gc,age      ] GC(7) - age   5:    2401288 bytes,   10795600 total
[2025-02-26T07:53:49.841+0000][207][info ][gc,heap     ] GC(7) Eden regions: 39->0(49)
[2025-02-26T07:53:49.841+0000][207][info ][gc,heap     ] GC(7) Survivor regions: 3->3(6)
[2025-02-26T07:53:49.841+0000][207][info ][gc,heap     ] GC(7) Old regions: 3->3
[2025-02-26T07:53:49.841+0000][207][info ][gc,heap     ] GC(7) Humongous regions: 0->0
[2025-02-26T07:53:49.841+0000][207][info ][gc,metaspace] GC(7) Metaspace: 30164K(31104K)->30164K(31104K) NonClass: 26726K(27264K)->26726K(27264K) Class: 3437K(3840K)->3437K(3840K)
[2025-02-26T07:53:49.841+0000][207][info ][gc          ] GC(7) Pause Young (Normal) (G1 Evacuation Pause) 176M->22M(1024M) 8.759ms
[2025-02-26T07:53:49.842+0000][207][info ][gc,cpu      ] GC(7) User=0.05s Sys=0.01s Real=0.01s
[2025-02-26T07:53:49.842+0000][207][info ][safepoint   ] Safepoint "G1CollectForAllocation", Time since last: 255011398 ns, Reaching safepoint: 95220 ns, At safepoint: 9172529 ns, Total: 9267749 ns
[2025-02-26T07:53:50.107+0000][207][info ][gc,start    ] GC(8) Pause Young (Normal) (G1 Evacuation Pause)
[2025-02-26T07:53:50.107+0000][207][info ][gc,task     ] GC(8) Using 13 workers of 13 for evacuation
[2025-02-26T07:53:50.108+0000][207][debug][gc,age      ] GC(8) Desired survivor size 14680064 bytes, new threshold 15 (max threshold 15)
[2025-02-26T07:53:50.112+0000][207][info ][gc,phases   ] GC(8)   Pre Evacuate Collection Set: 0.32ms
[2025-02-26T07:53:50.112+0000][207][info ][gc,phases   ] GC(8)   Merge Heap Roots: 0.15ms
[2025-02-26T07:53:50.112+0000][207][info ][gc,phases   ] GC(8)   Evacuate Collection Set: 2.65ms
[2025-02-26T07:53:50.112+0000][207][info ][gc,phases   ] GC(8)   Post Evacuate Collection Set: 0.93ms
[2025-02-26T07:53:50.113+0000][207][info ][gc,phases   ] GC(8)   Other: 0.39ms
[2025-02-26T07:53:50.113+0000][207][trace][gc,age      ] GC(8) Age table:
[2025-02-26T07:53:50.113+0000][207][trace][gc,age      ] GC(8) - age   1:    2583712 bytes,    2583712 total
[2025-02-26T07:53:50.113+0000][207][trace][gc,age      ] GC(8) - age   2:    2738880 bytes,    5322592 total
[2025-02-26T07:53:50.113+0000][207][trace][gc,age      ] GC(8) - age   3:    3597784 bytes,    8920376 total
[2025-02-26T07:53:50.113+0000][207][trace][gc,age      ] GC(8) - age   4:    1326456 bytes,   10246832 total
[2025-02-26T07:53:50.113+0000][207][trace][gc,age      ] GC(8) - age   5:     708256 bytes,   10955088 total
[2025-02-26T07:53:50.113+0000][207][trace][gc,age      ] GC(8) - age   6:    2401256 bytes,   13356344 total
[2025-02-26T07:53:50.113+0000][207][info ][gc,heap     ] GC(8) Eden regions: 49->0(61)
[2025-02-26T07:53:50.114+0000][207][info ][gc,heap     ] GC(8) Survivor regions: 3->4(7)
[2025-02-26T07:53:50.114+0000][207][info ][gc,heap     ] GC(8) Old regions: 3->3
[2025-02-26T07:53:50.114+0000][207][info ][gc,heap     ] GC(8) Humongous regions: 0->0
[2025-02-26T07:53:50.114+0000][207][info ][gc,metaspace] GC(8) Metaspace: 30596K(31616K)->30596K(31616K) NonClass: 27114K(27712K)->27114K(27712K) Class: 3482K(3904K)->3482K(3904K)
[2025-02-26T07:53:50.114+0000][207][info ][gc          ] GC(8) Pause Young (Normal) (G1 Evacuation Pause) 218M->25M(1024M) 6.897ms
[2025-02-26T07:53:50.114+0000][207][info ][gc,cpu      ] GC(8) User=0.04s Sys=0.00s Real=0.01s
[2025-02-26T07:53:50.114+0000][207][info ][safepoint   ] Safepoint "G1CollectForAllocation", Time since last: 265335731 ns, Reaching safepoint: 5802 ns, At safepoint: 7243247 ns, Total: 7249049 ns
[2025-02-26T07:53:50.350+0000][207][info ][gc,start    ] GC(9) Pause Young (Normal) (G1 Evacuation Pause)
[2025-02-26T07:53:50.350+0000][207][info ][gc,task     ] GC(9) Using 13 workers of 13 for evacuation
[2025-02-26T07:53:50.350+0000][207][debug][gc,age      ] GC(9) Desired survivor size 18874368 bytes, new threshold 15 (max threshold 15)
[2025-02-26T07:53:50.356+0000][207][info ][gc,phases   ] GC(9)   Pre Evacuate Collection Set: 0.29ms
[2025-02-26T07:53:50.356+0000][207][info ][gc,phases   ] GC(9)   Merge Heap Roots: 0.11ms
[2025-02-26T07:53:50.356+0000][207][info ][gc,phases   ] GC(9)   Evacuate Collection Set: 3.82ms
[2025-02-26T07:53:50.356+0000][207][info ][gc,phases   ] GC(9)   Post Evacuate Collection Set: 0.72ms
[2025-02-26T07:53:50.356+0000][207][info ][gc,phases   ] GC(9)   Other: 0.41ms
[2025-02-26T07:53:50.357+0000][207][trace][gc,age      ] GC(9) Age table:
[2025-02-26T07:53:50.357+0000][207][trace][gc,age      ] GC(9) - age   1:    1886088 bytes,    1886088 total
[2025-02-26T07:53:50.357+0000][207][trace][gc,age      ] GC(9) - age   2:    2260256 bytes,    4146344 total
[2025-02-26T07:53:50.357+0000][207][trace][gc,age      ] GC(9) - age   3:    2735648 bytes,    6881992 total
[2025-02-26T07:53:50.357+0000][207][trace][gc,age      ] GC(9) - age   4:    3597400 bytes,   10479392 total
[2025-02-26T07:53:50.357+0000][207][trace][gc,age      ] GC(9) - age   5:    1326336 bytes,   11805728 total
[2025-02-26T07:53:50.358+0000][207][trace][gc,age      ] GC(9) - age   6:     708256 bytes,   12513984 total
[2025-02-26T07:53:50.358+0000][207][trace][gc,age      ] GC(9) - age   7:    2401256 bytes,   14915240 total
[2025-02-26T07:53:50.358+0000][207][info ][gc,heap     ] GC(9) Eden regions: 61->0(79)
[2025-02-26T07:53:50.358+0000][207][info ][gc,heap     ] GC(9) Survivor regions: 4->4(9)
[2025-02-26T07:53:50.358+0000][207][info ][gc,heap     ] GC(9) Old regions: 3->3
[2025-02-26T07:53:50.358+0000][207][info ][gc,heap     ] GC(9) Humongous regions: 0->0
[2025-02-26T07:53:50.358+0000][207][info ][gc,metaspace] GC(9) Metaspace: 31031K(32064K)->31031K(32064K) NonClass: 27488K(28096K)->27488K(28096K) Class: 3543K(3968K)->3543K(3968K)
[2025-02-26T07:53:50.359+0000][207][info ][gc          ] GC(9) Pause Young (Normal) (G1 Evacuation Pause) 269M->27M(1024M) 8.752ms
[2025-02-26T07:53:50.359+0000][207][info ][gc,cpu      ] GC(9) User=0.04s Sys=0.00s Real=0.01s
[2025-02-26T07:53:50.359+0000][207][info ][safepoint   ] Safepoint "G1CollectForAllocation", Time since last: 235524859 ns, Reaching safepoint: 4654 ns, At safepoint: 9173993 ns, Total: 9178647 ns
[2025-02-26T07:53:50.768+0000][207][info ][gc,start    ] GC(10) Pause Young (Concurrent Start) (Metadata GC Threshold)
[2025-02-26T07:53:50.768+0000][207][info ][gc,task     ] GC(10) Using 13 workers of 13 for evacuation
[2025-02-26T07:53:50.768+0000][207][debug][gc,age      ] GC(10) Desired survivor size 23068672 bytes, new threshold 15 (max threshold 15)
[2025-02-26T07:53:50.776+0000][207][info ][gc,phases   ] GC(10)   Pre Evacuate Collection Set: 0.35ms
[2025-02-26T07:53:50.776+0000][207][info ][gc,phases   ] GC(10)   Merge Heap Roots: 0.24ms
[2025-02-26T07:53:50.777+0000][207][info ][gc,phases   ] GC(10)   Evacuate Collection Set: 6.32ms
[2025-02-26T07:53:50.777+0000][207][info ][gc,phases   ] GC(10)   Post Evacuate Collection Set: 0.98ms
[2025-02-26T07:53:50.777+0000][207][info ][gc,phases   ] GC(10)   Other: 0.50ms
[2025-02-26T07:53:50.777+0000][207][trace][gc,age      ] GC(10) Age table:
[2025-02-26T07:53:50.777+0000][207][trace][gc,age      ] GC(10) - age   1:    3390936 bytes,    3390936 total
[2025-02-26T07:53:50.778+0000][207][trace][gc,age      ] GC(10) - age   2:    1695120 bytes,    5086056 total
[2025-02-26T07:53:50.778+0000][207][trace][gc,age      ] GC(10) - age   3:    2260224 bytes,    7346280 total
[2025-02-26T07:53:50.778+0000][207][trace][gc,age      ] GC(10) - age   4:    2732720 bytes,   10079000 total
[2025-02-26T07:53:50.778+0000][207][trace][gc,age      ] GC(10) - age   5:    3596184 bytes,   13675184 total
[2025-02-26T07:53:50.778+0000][207][trace][gc,age      ] GC(10) - age   6:    1326160 bytes,   15001344 total
[2025-02-26T07:53:50.778+0000][207][trace][gc,age      ] GC(10) - age   7:     708256 bytes,   15709600 total
[2025-02-26T07:53:50.779+0000][207][trace][gc,age      ] GC(10) - age   8:    2400616 bytes,   18110216 total
[2025-02-26T07:53:50.779+0000][207][info ][gc,heap     ] GC(10) Eden regions: 36->0(122)
[2025-02-26T07:53:50.779+0000][207][info ][gc,heap     ] GC(10) Survivor regions: 4->5(11)
[2025-02-26T07:53:50.779+0000][207][info ][gc,heap     ] GC(10) Old regions: 3->3
[2025-02-26T07:53:50.779+0000][207][info ][gc,heap     ] GC(10) Humongous regions: 0->0
[2025-02-26T07:53:50.779+0000][207][info ][gc,metaspace] GC(10) Metaspace: 34850K(35968K)->34850K(35968K) NonClass: 30930K(31552K)->30930K(31552K) Class: 3920K(4416K)->3920K(4416K)
[2025-02-26T07:53:50.780+0000][207][info ][gc          ] GC(10) Pause Young (Concurrent Start) (Metadata GC Threshold) 169M->30M(1024M) 12.106ms
[2025-02-26T07:53:50.780+0000][207][info ][gc,cpu      ] GC(10) User=0.05s Sys=0.00s Real=0.01s
[2025-02-26T07:53:50.780+0000][207][info ][gc          ] GC(11) Concurrent Mark Cycle
[2025-02-26T07:53:50.780+0000][207][info ][gc,marking  ] GC(11) Concurrent Scan Root Regions
[2025-02-26T07:53:50.780+0000][207][info ][safepoint   ] Safepoint "CollectForMetadataAllocation", Time since last: 408478714 ns, Reaching safepoint: 4347 ns, At safepoint: 12589748 ns, Total: 12594095 ns
[2025-02-26T07:53:50.783+0000][207][info ][gc,marking  ] GC(11) Concurrent Scan Root Regions 2.964ms
[2025-02-26T07:53:50.784+0000][207][info ][gc,marking  ] GC(11) Concurrent Mark
[2025-02-26T07:53:50.784+0000][207][info ][gc,marking  ] GC(11) Concurrent Mark From Roots
[2025-02-26T07:53:50.784+0000][207][info ][gc,task     ] GC(11) Using 3 workers of 3 for marking
[2025-02-26T07:53:50.789+0000][207][info ][gc,marking  ] GC(11) Concurrent Mark From Roots 5.669ms
[2025-02-26T07:53:50.790+0000][207][info ][gc,marking  ] GC(11) Concurrent Preclean
[2025-02-26T07:53:50.790+0000][207][info ][gc,marking  ] GC(11) Concurrent Preclean 0.209ms
[2025-02-26T07:53:50.790+0000][207][info ][gc,start    ] GC(11) Pause Remark
[2025-02-26T07:53:50.794+0000][207][info ][gc          ] GC(11) Pause Remark 32M->32M(1024M) 3.766ms
[2025-02-26T07:53:50.794+0000][207][info ][gc,cpu      ] GC(11) User=0.02s Sys=0.00s Real=0.01s
[2025-02-26T07:53:50.794+0000][207][info ][safepoint   ] Safepoint "G1PauseRemark", Time since last: 9920030 ns, Reaching safepoint: 101486 ns, At safepoint: 4279342 ns, Total: 4380828 ns
[2025-02-26T07:53:50.795+0000][207][info ][gc,marking  ] GC(11) Concurrent Mark 11.128ms
[2025-02-26T07:53:50.795+0000][207][info ][gc,marking  ] GC(11) Concurrent Rebuild Remembered Sets and Scrub Regions
[2025-02-26T07:53:50.797+0000][207][info ][gc,marking  ] GC(11) Concurrent Rebuild Remembered Sets and Scrub Regions 1.895ms
[2025-02-26T07:53:50.797+0000][207][info ][gc,start    ] GC(11) Pause Cleanup
[2025-02-26T07:53:50.797+0000][207][info ][gc          ] GC(11) Pause Cleanup 32M->32M(1024M) 0.196ms
[2025-02-26T07:53:50.797+0000][207][info ][gc,cpu      ] GC(11) User=0.00s Sys=0.00s Real=0.00s
[2025-02-26T07:53:50.798+0000][207][info ][safepoint   ] Safepoint "G1PauseCleanup", Time since last: 2525161 ns, Reaching safepoint: 94547 ns, At safepoint: 515286 ns, Total: 609833 ns
[2025-02-26T07:53:50.798+0000][207][info ][gc,marking  ] GC(11) Concurrent Clear Claimed Marks
[2025-02-26T07:53:50.798+0000][207][info ][gc,marking  ] GC(11) Concurrent Clear Claimed Marks 0.213ms
[2025-02-26T07:53:50.798+0000][207][info ][gc,marking  ] GC(11) Concurrent Cleanup for Next Mark
[2025-02-26T07:53:50.799+0000][207][info ][gc,marking  ] GC(11) Concurrent Cleanup for Next Mark 0.938ms
[2025-02-26T07:53:50.799+0000][207][info ][gc          ] GC(11) Concurrent Mark Cycle 19.489ms
[2025-02-26T07:53:51.480+0000][207][info ][gc,start    ] GC(12) Pause Young (Normal) (G1 Evacuation Pause)
[2025-02-26T07:53:51.480+0000][207][info ][gc,task     ] GC(12) Using 13 workers of 13 for evacuation
[2025-02-26T07:53:51.480+0000][207][debug][gc,age      ] GC(12) Desired survivor size 33554432 bytes, new threshold 15 (max threshold 15)
[2025-02-26T07:53:51.488+0000][207][info ][gc,phases   ] GC(12)   Pre Evacuate Collection Set: 0.32ms
[2025-02-26T07:53:51.488+0000][207][info ][gc,phases   ] GC(12)   Merge Heap Roots: 0.09ms
[2025-02-26T07:53:51.488+0000][207][info ][gc,phases   ] GC(12)   Evacuate Collection Set: 5.40ms
[2025-02-26T07:53:51.488+0000][207][info ][gc,phases   ] GC(12)   Post Evacuate Collection Set: 1.29ms
[2025-02-26T07:53:51.488+0000][207][info ][gc,phases   ] GC(12)   Other: 0.44ms
[2025-02-26T07:53:51.488+0000][207][trace][gc,age      ] GC(12) Age table:
[2025-02-26T07:53:51.489+0000][207][trace][gc,age      ] GC(12) - age   1:    7383008 bytes,    7383008 total
[2025-02-26T07:53:51.489+0000][207][trace][gc,age      ] GC(12) - age   2:    3370312 bytes,   10753320 total
[2025-02-26T07:53:51.489+0000][207][trace][gc,age      ] GC(12) - age   3:    1694232 bytes,   12447552 total
[2025-02-26T07:53:51.489+0000][207][trace][gc,age      ] GC(12) - age   4:    2258592 bytes,   14706144 total
[2025-02-26T07:53:51.489+0000][207][trace][gc,age      ] GC(12) - age   5:    2728584 bytes,   17434728 total
[2025-02-26T07:53:51.489+0000][207][trace][gc,age      ] GC(12) - age   6:    3595560 bytes,   21030288 total
[2025-02-26T07:53:51.489+0000][207][trace][gc,age      ] GC(12) - age   7:    1325272 bytes,   22355560 total
[2025-02-26T07:53:51.490+0000][207][trace][gc,age      ] GC(12) - age   8:     706544 bytes,   23062104 total
[2025-02-26T07:53:51.490+0000][207][trace][gc,age      ] GC(12) - age   9:    2397576 bytes,   25459680 total
[2025-02-26T07:53:51.490+0000][207][info ][gc,heap     ] GC(12) Eden regions: 122->0(115)
[2025-02-26T07:53:51.490+0000][207][info ][gc,heap     ] GC(12) Survivor regions: 5->7(16)
[2025-02-26T07:53:51.490+0000][207][info ][gc,heap     ] GC(12) Old regions: 3->3
[2025-02-26T07:53:51.490+0000][207][info ][gc,heap     ] GC(12) Humongous regions: 0->0
[2025-02-26T07:53:51.490+0000][207][info ][gc,metaspace] GC(12) Metaspace: 39064K(40256K)->39064K(40256K) NonClass: 34560K(35264K)->34560K(35264K) Class: 4503K(4992K)->4503K(4992K)
[2025-02-26T07:53:51.490+0000][207][info ][gc          ] GC(12) Pause Young (Normal) (G1 Evacuation Pause) 518M->38M(1024M) 10.653ms
[2025-02-26T07:53:51.491+0000][207][info ][gc,cpu      ] GC(12) User=0.05s Sys=0.01s Real=0.02s
[2025-02-26T07:53:51.491+0000][207][info ][safepoint   ] Safepoint "G1CollectForAllocation", Time since last: 682060981 ns, Reaching safepoint: 98104 ns, At safepoint: 11052086 ns, Total: 11150190 ns
[2025-02-26T07:53:52.003+0000][207][info ][gc,start    ] GC(13) Pause Young (Normal) (G1 Evacuation Pause)
[2025-02-26T07:53:52.003+0000][207][info ][gc,task     ] GC(13) Using 13 workers of 13 for evacuation
[2025-02-26T07:53:52.003+0000][207][debug][gc,age      ] GC(13) Desired survivor size 33554432 bytes, new threshold 15 (max threshold 15)
[2025-02-26T07:53:52.012+0000][207][info ][gc,phases   ] GC(13)   Pre Evacuate Collection Set: 0.32ms
[2025-02-26T07:53:52.012+0000][207][info ][gc,phases   ] GC(13)   Merge Heap Roots: 0.21ms
[2025-02-26T07:53:52.012+0000][207][info ][gc,phases   ] GC(13)   Evacuate Collection Set: 5.78ms
[2025-02-26T07:53:52.013+0000][207][info ][gc,phases   ] GC(13)   Post Evacuate Collection Set: 1.78ms
[2025-02-26T07:53:52.013+0000][207][info ][gc,phases   ] GC(13)   Other: 0.46ms
[2025-02-26T07:53:52.013+0000][207][trace][gc,age      ] GC(13) Age table:
[2025-02-26T07:53:52.013+0000][207][trace][gc,age      ] GC(13) - age   1:    6905120 bytes,    6905120 total
[2025-02-26T07:53:52.013+0000][207][trace][gc,age      ] GC(13) - age   2:    6777568 bytes,   13682688 total
[2025-02-26T07:53:52.013+0000][207][trace][gc,age      ] GC(13) - age   3:    3370280 bytes,   17052968 total
[2025-02-26T07:53:52.014+0000][207][trace][gc,age      ] GC(13) - age   4:    1691832 bytes,   18744800 total
[2025-02-26T07:53:52.014+0000][207][trace][gc,age      ] GC(13) - age   5:    2258528 bytes,   21003328 total
[2025-02-26T07:53:52.014+0000][207][trace][gc,age      ] GC(13) - age   6:    2728552 bytes,   23731880 total
[2025-02-26T07:53:52.014+0000][207][trace][gc,age      ] GC(13) - age   7:    3595528 bytes,   27327408 total
[2025-02-26T07:53:52.014+0000][207][trace][gc,age      ] GC(13) - age   8:    1325256 bytes,   28652664 total
[2025-02-26T07:53:52.014+0000][207][trace][gc,age      ] GC(13) - age   9:     706544 bytes,   29359208 total
[2025-02-26T07:53:52.014+0000][207][trace][gc,age      ] GC(13) - age  10:    2397576 bytes,   31756784 total
[2025-02-26T07:53:52.015+0000][207][info ][gc,heap     ] GC(13) Eden regions: 115->0(144)
[2025-02-26T07:53:52.015+0000][207][info ][gc,heap     ] GC(13) Survivor regions: 7->9(16)
[2025-02-26T07:53:52.015+0000][207][info ][gc,heap     ] GC(13) Old regions: 3->3
[2025-02-26T07:53:52.015+0000][207][info ][gc,heap     ] GC(13) Humongous regions: 0->0
[2025-02-26T07:53:52.015+0000][207][info ][gc,metaspace] GC(13) Metaspace: 39809K(41088K)->39809K(41088K) NonClass: 35210K(35968K)->35210K(35968K) Class: 4599K(5120K)->4599K(5120K)
[2025-02-26T07:53:52.015+0000][207][info ][gc          ] GC(13) Pause Young (Normal) (G1 Evacuation Pause) 498M->44M(1024M) 12.431ms
[2025-02-26T07:53:52.015+0000][207][info ][gc,cpu      ] GC(13) User=0.04s Sys=0.01s Real=0.01s
[2025-02-26T07:53:52.016+0000][207][info ][safepoint   ] Safepoint "G1CollectForAllocation", Time since last: 512059491 ns, Reaching safepoint: 7989 ns, At safepoint: 12814049 ns, Total: 12822038 ns
[2025-02-26T07:53:53.657+0000][207][info ][gc,start    ] GC(14) Pause Young (Concurrent Start) (Metadata GC Threshold)
[2025-02-26T07:53:53.657+0000][207][info ][gc,task     ] GC(14) Using 13 workers of 13 for evacuation
[2025-02-26T07:53:53.657+0000][207][debug][gc,age      ] GC(14) Desired survivor size 41943040 bytes, new threshold 15 (max threshold 15)
[2025-02-26T07:53:53.666+0000][207][info ][gc,phases   ] GC(14)   Pre Evacuate Collection Set: 0.22ms
[2025-02-26T07:53:53.666+0000][207][info ][gc,phases   ] GC(14)   Merge Heap Roots: 0.10ms
[2025-02-26T07:53:53.666+0000][207][info ][gc,phases   ] GC(14)   Evacuate Collection Set: 7.15ms
[2025-02-26T07:53:53.666+0000][207][info ][gc,phases   ] GC(14)   Post Evacuate Collection Set: 1.03ms
[2025-02-26T07:53:53.666+0000][207][info ][gc,phases   ] GC(14)   Other: 0.41ms
[2025-02-26T07:53:53.666+0000][207][trace][gc,age      ] GC(14) Age table:
[2025-02-26T07:53:53.666+0000][207][trace][gc,age      ] GC(14) - age   1:    6693616 bytes,    6693616 total
[2025-02-26T07:53:53.667+0000][207][trace][gc,age      ] GC(14) - age   2:    6717040 bytes,   13410656 total
[2025-02-26T07:53:53.667+0000][207][trace][gc,age      ] GC(14) - age   3:    6727344 bytes,   20138000 total
[2025-02-26T07:53:53.667+0000][207][trace][gc,age      ] GC(14) - age   4:    3354336 bytes,   23492336 total
[2025-02-26T07:53:53.667+0000][207][trace][gc,age      ] GC(14) - age   5:    1681736 bytes,   25174072 total
[2025-02-26T07:53:53.667+0000][207][trace][gc,age      ] GC(14) - age   6:    2247720 bytes,   27421792 total
[2025-02-26T07:53:53.667+0000][207][trace][gc,age      ] GC(14) - age   7:    2715136 bytes,   30136928 total
[2025-02-26T07:53:53.667+0000][207][trace][gc,age      ] GC(14) - age   8:    3585944 bytes,   33722872 total
[2025-02-26T07:53:53.667+0000][207][trace][gc,age      ] GC(14) - age   9:    1122744 bytes,   34845616 total
[2025-02-26T07:53:53.667+0000][207][trace][gc,age      ] GC(14) - age  10:     702280 bytes,   35547896 total
[2025-02-26T07:53:53.667+0000][207][trace][gc,age      ] GC(14) - age  11:    2372440 bytes,   37920336 total
[2025-02-26T07:53:53.667+0000][207][info ][gc,heap     ] GC(14) Eden regions: 82->0(143)
[2025-02-26T07:53:53.667+0000][207][info ][gc,heap     ] GC(14) Survivor regions: 9->10(20)
[2025-02-26T07:53:53.667+0000][207][info ][gc,heap     ] GC(14) Old regions: 3->3
[2025-02-26T07:53:53.667+0000][207][info ][gc,heap     ] GC(14) Humongous regions: 0->0
[2025-02-26T07:53:53.667+0000][207][info ][gc,metaspace] GC(14) Metaspace: 58829K(60416K)->58829K(60416K) NonClass: 51597K(52544K)->51597K(52544K) Class: 7231K(7872K)->7231K(7872K)
[2025-02-26T07:53:53.668+0000][207][info ][gc          ] GC(14) Pause Young (Concurrent Start) (Metadata GC Threshold) 372M->51M(1024M) 10.858ms
[2025-02-26T07:53:53.668+0000][207][info ][gc,cpu      ] GC(14) User=0.07s Sys=0.00s Real=0.01s
[2025-02-26T07:53:53.668+0000][207][info ][gc          ] GC(15) Concurrent Mark Cycle
[2025-02-26T07:53:53.668+0000][207][info ][safepoint   ] Safepoint "CollectForMetadataAllocation", Time since last: 1640925756 ns, Reaching safepoint: 2607 ns, At safepoint: 11088031 ns, Total: 11090638 ns
[2025-02-26T07:53:53.670+0000][207][info ][gc,marking  ] GC(15) Concurrent Scan Root Regions
[2025-02-26T07:53:53.673+0000][207][info ][gc,marking  ] GC(15) Concurrent Scan Root Regions 3.507ms
[2025-02-26T07:53:53.674+0000][207][info ][gc,marking  ] GC(15) Concurrent Mark
[2025-02-26T07:53:53.674+0000][207][info ][gc,marking  ] GC(15) Concurrent Mark From Roots
[2025-02-26T07:53:53.674+0000][207][info ][gc,task     ] GC(15) Using 3 workers of 3 for marking
[2025-02-26T07:53:53.678+0000][207][info ][gc,marking  ] GC(15) Concurrent Mark From Roots 4.309ms
[2025-02-26T07:53:53.678+0000][207][info ][gc,marking  ] GC(15) Concurrent Preclean
[2025-02-26T07:53:53.678+0000][207][info ][gc,marking  ] GC(15) Concurrent Preclean 0.143ms
[2025-02-26T07:53:53.678+0000][207][info ][gc,start    ] GC(15) Pause Remark
[2025-02-26T07:53:53.681+0000][207][info ][gc          ] GC(15) Pause Remark 55M->55M(1024M) 2.765ms
[2025-02-26T07:53:53.681+0000][207][info ][gc,cpu      ] GC(15) User=0.01s Sys=0.00s Real=0.01s
[2025-02-26T07:53:53.682+0000][207][info ][safepoint   ] Safepoint "G1PauseRemark", Time since last: 10648855 ns, Reaching safepoint: 3164 ns, At safepoint: 3270250 ns, Total: 3273414 ns
[2025-02-26T07:53:53.682+0000][207][info ][gc,marking  ] GC(15) Concurrent Mark 8.360ms
[2025-02-26T07:53:53.682+0000][207][info ][gc,marking  ] GC(15) Concurrent Rebuild Remembered Sets and Scrub Regions
[2025-02-26T07:53:53.684+0000][207][info ][gc,marking  ] GC(15) Concurrent Rebuild Remembered Sets and Scrub Regions 1.997ms
[2025-02-26T07:53:53.684+0000][207][info ][gc,start    ] GC(15) Pause Cleanup
[2025-02-26T07:53:53.685+0000][207][info ][gc          ] GC(15) Pause Cleanup 55M->55M(1024M) 0.179ms
[2025-02-26T07:53:53.685+0000][207][info ][gc,cpu      ] GC(15) User=0.00s Sys=0.00s Real=0.00s
[2025-02-26T07:53:53.685+0000][207][info ][safepoint   ] Safepoint "G1PauseCleanup", Time since last: 2612649 ns, Reaching safepoint: 95698 ns, At safepoint: 516125 ns, Total: 611823 ns
[2025-02-26T07:53:53.685+0000][207][info ][gc,marking  ] GC(15) Concurrent Clear Claimed Marks
[2025-02-26T07:53:53.685+0000][207][info ][gc,marking  ] GC(15) Concurrent Clear Claimed Marks 0.230ms
[2025-02-26T07:53:53.685+0000][207][info ][gc,marking  ] GC(15) Concurrent Cleanup for Next Mark
[2025-02-26T07:53:53.686+0000][207][info ][gc,marking  ] GC(15) Concurrent Cleanup for Next Mark 0.867ms
[2025-02-26T07:53:53.687+0000][207][info ][gc          ] GC(15) Concurrent Mark Cycle 18.907ms
[2025-02-26T07:53:55.754+0000][207][info ][gc,start    ] GC(16) Pause Young (Normal) (G1 Evacuation Pause)
[2025-02-26T07:53:55.754+0000][207][info ][gc,task     ] GC(16) Using 13 workers of 13 for evacuation
[2025-02-26T07:53:55.755+0000][207][debug][gc,age      ] GC(16) Desired survivor size 41943040 bytes, new threshold 15 (max threshold 15)
[2025-02-26T07:53:55.765+0000][207][info ][gc,phases   ] GC(16)   Pre Evacuate Collection Set: 0.16ms
[2025-02-26T07:53:55.765+0000][207][info ][gc,phases   ] GC(16)   Merge Heap Roots: 0.10ms
[2025-02-26T07:53:55.765+0000][207][info ][gc,phases   ] GC(16)   Evacuate Collection Set: 8.22ms
[2025-02-26T07:53:55.765+0000][207][info ][gc,phases   ] GC(16)   Post Evacuate Collection Set: 1.44ms
[2025-02-26T07:53:55.765+0000][207][info ][gc,phases   ] GC(16)   Other: 0.25ms
[2025-02-26T07:53:55.765+0000][207][trace][gc,age      ] GC(16) Age table:
[2025-02-26T07:53:55.765+0000][207][trace][gc,age      ] GC(16) - age   1:   11786328 bytes,   11786328 total
[2025-02-26T07:53:55.765+0000][207][trace][gc,age      ] GC(16) - age   2:    6183672 bytes,   17970000 total
[2025-02-26T07:53:55.765+0000][207][trace][gc,age      ] GC(16) - age   3:    6710648 bytes,   24680648 total
[2025-02-26T07:53:55.765+0000][207][trace][gc,age      ] GC(16) - age   4:    6716160 bytes,   31396808 total
[2025-02-26T07:53:55.765+0000][207][trace][gc,age      ] GC(16) - age   5:    3349936 bytes,   34746744 total
[2025-02-26T07:53:55.766+0000][207][trace][gc,age      ] GC(16) - age   6:    1673880 bytes,   36420624 total
[2025-02-26T07:53:55.766+0000][207][trace][gc,age      ] GC(16) - age   7:    2242464 bytes,   38663088 total
[2025-02-26T07:53:55.766+0000][207][trace][gc,age      ] GC(16) - age   8:    2705792 bytes,   41368880 total
[2025-02-26T07:53:55.766+0000][207][trace][gc,age      ] GC(16) - age   9:    3566816 bytes,   44935696 total
[2025-02-26T07:53:55.766+0000][207][trace][gc,age      ] GC(16) - age  10:    1115928 bytes,   46051624 total
[2025-02-26T07:53:55.766+0000][207][trace][gc,age      ] GC(16) - age  11:     698792 bytes,   46750416 total
[2025-02-26T07:53:55.766+0000][207][trace][gc,age      ] GC(16) - age  12:    2361432 bytes,   49111848 total
[2025-02-26T07:53:55.766+0000][207][info ][gc,heap     ] GC(16) Eden regions: 143->0(139)
[2025-02-26T07:53:55.766+0000][207][info ][gc,heap     ] GC(16) Survivor regions: 10->14(20)
[2025-02-26T07:53:55.766+0000][207][info ][gc,heap     ] GC(16) Old regions: 3->3
[2025-02-26T07:53:55.766+0000][207][info ][gc,heap     ] GC(16) Humongous regions: 0->0
[2025-02-26T07:53:55.766+0000][207][info ][gc,metaspace] GC(16) Metaspace: 77988K(80064K)->77988K(80064K) NonClass: 67514K(68736K)->67514K(68736K) Class: 10473K(11328K)->10473K(11328K)
[2025-02-26T07:53:55.766+0000][207][info ][gc          ] GC(16) Pause Young (Normal) (G1 Evacuation Pause) 623M->63M(1024M) 12.107ms
[2025-02-26T07:53:55.766+0000][207][info ][gc,cpu      ] GC(16) User=0.10s Sys=0.00s Real=0.01s
[2025-02-26T07:53:55.766+0000][207][info ][safepoint   ] Safepoint "G1CollectForAllocation", Time since last: 2069239915 ns, Reaching safepoint: 4479 ns, At safepoint: 12283155 ns, Total: 12287634 ns
[2025-02-26T07:53:57.256+0000][207][info ][gc,start    ] GC(17) Pause Young (Concurrent Start) (Metadata GC Threshold)
[2025-02-26T07:53:57.256+0000][207][info ][gc,task     ] GC(17) Using 13 workers of 13 for evacuation
[2025-02-26T07:53:57.256+0000][207][debug][gc,age      ] GC(17) Desired survivor size 41943040 bytes, new threshold 9 (max threshold 15)
[2025-02-26T07:53:57.270+0000][207][info ][gc,phases   ] GC(17)   Pre Evacuate Collection Set: 0.18ms
[2025-02-26T07:53:57.270+0000][207][info ][gc,phases   ] GC(17)   Merge Heap Roots: 0.10ms
[2025-02-26T07:53:57.270+0000][207][info ][gc,phases   ] GC(17)   Evacuate Collection Set: 11.07ms
[2025-02-26T07:53:57.270+0000][207][info ][gc,phases   ] GC(17)   Post Evacuate Collection Set: 1.90ms
[2025-02-26T07:53:57.270+0000][207][info ][gc,phases   ] GC(17)   Other: 0.24ms
[2025-02-26T07:53:57.270+0000][207][trace][gc,age      ] GC(17) Age table:
[2025-02-26T07:53:57.270+0000][207][trace][gc,age      ] GC(17) - age   1:    9650472 bytes,    9650472 total
[2025-02-26T07:53:57.270+0000][207][trace][gc,age      ] GC(17) - age   2:   11258312 bytes,   20908784 total
[2025-02-26T07:53:57.271+0000][207][trace][gc,age      ] GC(17) - age   3:    6043328 bytes,   26952112 total
[2025-02-26T07:53:57.271+0000][207][trace][gc,age      ] GC(17) - age   4:    6701256 bytes,   33653368 total
[2025-02-26T07:53:57.271+0000][207][trace][gc,age      ] GC(17) - age   5:    6698744 bytes,   40352112 total
[2025-02-26T07:53:57.271+0000][207][trace][gc,age      ] GC(17) - age   6:    3339784 bytes,   43691896 total
[2025-02-26T07:53:57.271+0000][207][trace][gc,age      ] GC(17) - age   7:    1670608 bytes,   45362504 total
[2025-02-26T07:53:57.271+0000][207][trace][gc,age      ] GC(17) - age   8:    2239368 bytes,   47601872 total
[2025-02-26T07:53:57.271+0000][207][trace][gc,age      ] GC(17) - age   9:    2704240 bytes,   50306112 total
[2025-02-26T07:53:57.271+0000][207][info ][gc,heap     ] GC(17) Eden regions: 100->0(139)
[2025-02-26T07:53:57.271+0000][207][info ][gc,heap     ] GC(17) Survivor regions: 14->14(20)
[2025-02-26T07:53:57.271+0000][207][info ][gc,heap     ] GC(17) Old regions: 3->5
[2025-02-26T07:53:57.271+0000][207][info ][gc,heap     ] GC(17) Humongous regions: 0->0
[2025-02-26T07:53:57.271+0000][207][info ][gc,metaspace] GC(17) Metaspace: 98968K(101056K)->98968K(101056K) NonClass: 85458K(86656K)->85458K(86656K) Class: 13510K(14400K)->13510K(14400K)
[2025-02-26T07:53:57.271+0000][207][info ][gc          ] GC(17) Pause Young (Concurrent Start) (Metadata GC Threshold) 461M->72M(1024M) 15.223ms
[2025-02-26T07:53:57.271+0000][207][info ][gc,cpu      ] GC(17) User=0.13s Sys=0.00s Real=0.02s
[2025-02-26T07:53:57.271+0000][207][info ][gc          ] GC(18) Concurrent Mark Cycle
[2025-02-26T07:53:57.272+0000][207][info ][safepoint   ] Safepoint "CollectForMetadataAllocation", Time since last: 1489665694 ns, Reaching safepoint: 2951 ns, At safepoint: 15482174 ns, Total: 15485125 ns
[2025-02-26T07:53:57.272+0000][207][info ][gc,marking  ] GC(18) Concurrent Scan Root Regions
[2025-02-26T07:53:57.278+0000][207][info ][gc,marking  ] GC(18) Concurrent Scan Root Regions 6.598ms
[2025-02-26T07:53:57.278+0000][207][info ][gc,marking  ] GC(18) Concurrent Mark
[2025-02-26T07:53:57.279+0000][207][info ][gc,marking  ] GC(18) Concurrent Mark From Roots
[2025-02-26T07:53:57.279+0000][207][info ][gc,task     ] GC(18) Using 3 workers of 3 for marking
[2025-02-26T07:53:57.282+0000][207][info ][gc,marking  ] GC(18) Concurrent Mark From Roots 3.925ms
[2025-02-26T07:53:57.283+0000][207][info ][gc,marking  ] GC(18) Concurrent Preclean
[2025-02-26T07:53:57.283+0000][207][info ][gc,marking  ] GC(18) Concurrent Preclean 0.117ms
[2025-02-26T07:53:57.283+0000][207][info ][gc,start    ] GC(18) Pause Remark
[2025-02-26T07:53:57.286+0000][207][info ][gc          ] GC(18) Pause Remark 76M->76M(1024M) 2.929ms
[2025-02-26T07:53:57.286+0000][207][info ][gc,cpu      ] GC(18) User=0.02s Sys=0.00s Real=0.00s
[2025-02-26T07:53:57.286+0000][207][info ][safepoint   ] Safepoint "G1PauseRemark", Time since last: 11234061 ns, Reaching safepoint: 2857 ns, At safepoint: 3277699 ns, Total: 3280556 ns
[2025-02-26T07:53:57.286+0000][207][info ][gc,marking  ] GC(18) Concurrent Mark 7.809ms
[2025-02-26T07:53:57.286+0000][207][info ][gc,marking  ] GC(18) Concurrent Rebuild Remembered Sets and Scrub Regions
[2025-02-26T07:53:57.289+0000][207][info ][gc,marking  ] GC(18) Concurrent Rebuild Remembered Sets and Scrub Regions 2.363ms
[2025-02-26T07:53:57.289+0000][207][info ][gc,start    ] GC(18) Pause Cleanup
[2025-02-26T07:53:57.289+0000][207][info ][gc          ] GC(18) Pause Cleanup 76M->76M(1024M) 0.126ms
[2025-02-26T07:53:57.289+0000][207][info ][gc,cpu      ] GC(18) User=0.00s Sys=0.00s Real=0.00s
[2025-02-26T07:53:57.289+0000][207][info ][safepoint   ] Safepoint "G1PauseCleanup", Time since last: 2772991 ns, Reaching safepoint: 72689 ns, At safepoint: 327766 ns, Total: 400455 ns
[2025-02-26T07:53:57.289+0000][207][info ][gc,marking  ] GC(18) Concurrent Clear Claimed Marks
[2025-02-26T07:53:57.290+0000][207][info ][gc,marking  ] GC(18) Concurrent Clear Claimed Marks 0.220ms
[2025-02-26T07:53:57.290+0000][207][info ][gc,marking  ] GC(18) Concurrent Cleanup for Next Mark
[2025-02-26T07:53:57.290+0000][207][info ][gc,marking  ] GC(18) Concurrent Cleanup for Next Mark 0.647ms
[2025-02-26T07:53:57.290+0000][207][info ][gc          ] GC(18) Concurrent Mark Cycle 18.951ms
[2025-02-26T08:03:50.759+0000][207][info ][gc,start    ] GC(19) Pause Young (Normal) (G1 Evacuation Pause)
[2025-02-26T08:03:50.759+0000][207][info ][gc,task     ] GC(19) Using 13 workers of 13 for evacuation
[2025-02-26T08:03:50.760+0000][207][debug][gc,age      ] GC(19) Desired survivor size 41943040 bytes, new threshold 6 (max threshold 15)
[2025-02-26T08:03:50.799+0000][207][info ][gc,phases   ] GC(19)   Pre Evacuate Collection Set: 0.45ms
[2025-02-26T08:03:50.799+0000][207][info ][gc,phases   ] GC(19)   Merge Heap Roots: 0.53ms
[2025-02-26T08:03:50.799+0000][207][info ][gc,phases   ] GC(19)   Evacuate Collection Set: 35.51ms
[2025-02-26T08:03:50.799+0000][207][info ][gc,phases   ] GC(19)   Post Evacuate Collection Set: 2.58ms
[2025-02-26T08:03:50.800+0000][207][info ][gc,phases   ] GC(19)   Other: 0.66ms
[2025-02-26T08:03:50.800+0000][207][trace][gc,age      ] GC(19) Age table:
[2025-02-26T08:03:50.800+0000][207][trace][gc,age      ] GC(19) - age   1:   22606640 bytes,   22606640 total
[2025-02-26T08:03:50.800+0000][207][trace][gc,age      ] GC(19) - age   2:    9255592 bytes,   31862232 total
[2025-02-26T08:03:50.800+0000][207][trace][gc,age      ] GC(19) - age   3:   11169568 bytes,   43031800 total
[2025-02-26T08:03:50.800+0000][207][trace][gc,age      ] GC(19) - age   4:    6017016 bytes,   49048816 total
[2025-02-26T08:03:50.800+0000][207][trace][gc,age      ] GC(19) - age   5:    6698552 bytes,   55747368 total
[2025-02-26T08:03:50.800+0000][207][trace][gc,age      ] GC(19) - age   6:    6690648 bytes,   62438016 total
[2025-02-26T08:03:50.800+0000][207][info ][gc,heap     ] GC(19) Eden regions: 139->0(136)
[2025-02-26T08:03:50.800+0000][207][info ][gc,heap     ] GC(19) Survivor regions: 14->17(20)
[2025-02-26T08:03:50.800+0000][207][info ][gc,heap     ] GC(19) Old regions: 5->8
[2025-02-26T08:03:50.800+0000][207][info ][gc,heap     ] GC(19) Humongous regions: 2->2
[2025-02-26T08:03:50.801+0000][207][info ][gc,metaspace] GC(19) Metaspace: 142517K(146752K)->142517K(146752K) NonClass: 122133K(124416K)->122133K(124416K) Class: 20383K(22336K)->20383K(22336K)
[2025-02-26T08:03:50.801+0000][207][info ][gc          ] GC(19) Pause Young (Normal) (G1 Evacuation Pause) 636M->102M(1024M) 41.709ms
[2025-02-26T08:03:50.801+0000][207][info ][gc,cpu      ] GC(19) User=0.25s Sys=0.00s Real=0.05s
[2025-02-26T08:03:50.801+0000][207][info ][safepoint   ] Safepoint "G1CollectForAllocation", Time since last: 593500666363 ns, Reaching safepoint: 9610 ns, At safepoint: 42201203 ns, Total: 42210813 ns
[2025-02-26T08:08:34.844+0000][207][info ][gc,heap,exit] Heap
[2025-02-26T08:08:34.844+0000][207][info ][gc,heap,exit]  garbage-first heap   total reserved 1048576K, committed 1048576K, used 244260K [0x00000000c0000000, 0x0000000100000000)
[2025-02-26T08:08:34.844+0000][207][info ][gc,heap,exit]   region size 4096K, 52 young (212992K), 17 survivors (69632K)
[2025-02-26T08:08:34.845+0000][207][info ][gc,heap,exit]  Metaspace       used 143469K, committed 147712K, reserved 1179648K
[2025-02-26T08:08:34.845+0000][207][info ][gc,heap,exit]   class space    used 20546K, committed 22464K, reserved 1048576K
